2026-03-13 23:10:54,733 | INFO | 
========================================================================
2026-03-13 23:10:54,733 | INFO | Starting new memebot instance (pid=20952)
2026-03-13 23:10:54,734 | INFO | Acquired single-instance lock at C:\DiscordBots\memebot\memebot.lock
2026-03-13 23:10:54,741 | WARNING | PyNaCl is not installed, voice will NOT be supported
2026-03-13 23:10:54,741 | WARNING | davey is not installed, voice will NOT be supported
2026-03-13 23:10:54,742 | INFO | logging in using static token
2026-03-13 23:10:55,640 | INFO | Shard ID None has connected to Gateway (Session ID: 0560ceb690e3d32a1edfaf7799726745).
2026-03-13 23:10:57,646 | INFO | Logged in as F.A.R.T#8447
2026-03-13 23:10:57,646 | INFO | Writing logs to C:\DiscordBots\memebot\memebot-03202613-231054.log
2026-03-13 23:10:57,647 | INFO | Tracking sent memes in C:\DiscordBots\memebot\sent_memes.txt
2026-03-13 23:10:57,647 | INFO | Configured target channel from CHANNEL_ID env var: 1480255446999629925
2026-03-13 23:10:57,647 | INFO | Message publish is disabled
2026-03-13 23:10:57,647 | INFO | Meme grouping is disabled (individual mode) (GROUP_COUNT=0, UNGROUPED_MESSAGE_COUNT=1, MAX_FILES_PER_MESSAGE=3)
2026-03-13 23:10:57,648 | INFO | Schedule configured from env hour='12' minute='30'; effective CST time 12:30.
2026-03-13 23:10:57,648 | INFO | Current CST time is 23:10; next scheduled post is 12:30 CST.
2026-03-13 23:10:57,648 | INFO | Scheduled time 12:30 CST has already passed today; posting immediately.
2026-03-13 23:10:57,829 | INFO | Skipping publish for message 1482229536811646997 because ENABLE_PUBLISH is disabled.
2026-03-13 23:10:58,457 | INFO | Skipping publish for message 1482229538946683111 because ENABLE_PUBLISH is disabled.
2026-03-13 23:10:58,457 | INFO | Sent meme as individual message: pinterest_image_1763663886057.jpg
2026-03-13 23:10:58,457 | INFO | Queued sent meme: pinterest_image_1763663886057.jpg
2026-03-13 23:10:58,458 | INFO | Updated sent-meme memory at C:\DiscordBots\memebot\sent_memes.txt
2026-03-13 23:10:58,619 | INFO | Skipping publish for message 1482229540397781053 because ENABLE_PUBLISH is disabled.
2026-03-13 23:10:58,619 | INFO | All memes sent successfully. Shutting down bot.
2026-03-13 23:10:58,622 | INFO | Released instance lock at C:\DiscordBots\memebot\memebot.lock
