2026-03-16 08:08:09,133 | INFO | 
========================================================================
2026-03-16 08:08:09,133 | INFO | Starting new memebot instance (pid=18564)
2026-03-16 08:08:09,134 | INFO | Acquired single-instance lock at C:\DiscordBots\memebot\memebot.lock
2026-03-16 08:08:09,231 | WARNING | PyNaCl is not installed, voice will NOT be supported
2026-03-16 08:08:09,231 | WARNING | davey is not installed, voice will NOT be supported
2026-03-16 08:08:09,818 | INFO | logging in using static token
2026-03-16 08:08:14,569 | INFO | Shard ID None has connected to Gateway (Session ID: b7bb9694d4da3464f1215e811e5940a7).
2026-03-16 08:08:16,582 | INFO | Logged in as F.A.R.T#8447
2026-03-16 08:08:16,582 | INFO | Writing logs to C:\DiscordBots\memebot\memebot-03202616-080808.log
2026-03-16 08:08:16,583 | INFO | Tracking sent memes in C:\DiscordBots\memebot\sent_memes.txt
2026-03-16 08:08:16,583 | INFO | Configured target channel from CHANNEL_ID env var: 1480255446999629925
2026-03-16 08:08:16,583 | INFO | Message publish is enabled
2026-03-16 08:08:16,584 | INFO | Meme grouping is disabled (individual mode) (GROUP_COUNT=0, UNGROUPED_MESSAGE_COUNT=3, MAX_FILES_PER_MESSAGE=3)
2026-03-16 08:08:16,584 | INFO | Schedule configured from env hour='12' minute='30'; effective CST time 12:30.
2026-03-16 08:08:16,584 | INFO | Current CST time is 08:08; next scheduled post is 12:30 CST.
2026-03-16 08:08:16,584 | INFO | Scheduled time has not passed yet; waiting for task loop trigger.
2026-03-16 09:47:58,716 | WARNING | Shard ID None has stopped responding to the gateway. Closing and restarting.
2026-03-16 09:48:03,406 | ERROR | Attempting a reconnect in 1.20s
Traceback (most recent call last):
  File "C:\Users\ewchu\AppData\Local\Programs\Python\Python314\Lib\site-packages\aiohttp\connector.py", line 1562, in _create_direct_connection
    hosts = await self._resolve_host(host, port, traces=traces)
            ^^^^^^^^^^^^^^^^^^^^^^^^^^^^^^^^^^^^^^^^^^^^^^^^^^^
  File "C:\Users\ewchu\AppData\Local\Programs\Python\Python314\Lib\site-packages\aiohttp\connector.py", line 1178, in _resolve_host
    return await asyncio.shield(resolved_host_task)
           ^^^^^^^^^^^^^^^^^^^^^^^^^^^^^^^^^^^^^^^^
  File "C:\Users\ewchu\AppData\Local\Programs\Python\Python314\Lib\site-packages\aiohttp\connector.py", line 1209, in _resolve_host_with_throttle
    addrs = await self._resolver.resolve(host, port, family=self._family)
            ^^^^^^^^^^^^^^^^^^^^^^^^^^^^^^^^^^^^^^^^^^^^^^^^^^^^^^^^^^^^^
  File "C:\Users\ewchu\AppData\Local\Programs\Python\Python314\Lib\site-packages\aiohttp\resolver.py", line 40, in resolve
    infos = await self._loop.getaddrinfo(
            ^^^^^^^^^^^^^^^^^^^^^^^^^^^^^
    ...<5 lines>...
    )
    ^
  File "C:\Users\ewchu\AppData\Local\Programs\Python\Python314\Lib\asyncio\base_events.py", line 936, in getaddrinfo
    return await self.run_in_executor(
           ^^^^^^^^^^^^^^^^^^^^^^^^^^^
        None, getaddr_func, host, port, family, type, proto, flags)
        ^^^^^^^^^^^^^^^^^^^^^^^^^^^^^^^^^^^^^^^^^^^^^^^^^^^^^^^^^^^
  File "C:\Users\ewchu\AppData\Local\Programs\Python\Python314\Lib\concurrent\futures\thread.py", line 86, in run
    result = ctx.run(self.task)
  File "C:\Users\ewchu\AppData\Local\Programs\Python\Python314\Lib\concurrent\futures\thread.py", line 73, in run
    return fn(*args, **kwargs)
  File "C:\Users\ewchu\AppData\Local\Programs\Python\Python314\Lib\socket.py", line 983, in getaddrinfo
    for res in _socket.getaddrinfo(host, port, family, type, proto, flags):
               ~~~~~~~~~~~~~~~~~~~^^^^^^^^^^^^^^^^^^^^^^^^^^^^^^^^^^^^^^^^
socket.gaierror: [Errno 11001] getaddrinfo failed

The above exception was the direct cause of the following exception:

Traceback (most recent call last):
  File "C:\Users\ewchu\AppData\Local\Programs\Python\Python314\Lib\site-packages\discord\client.py", line 728, in connect
    self.ws = await asyncio.wait_for(coro, timeout=60.0)
              ^^^^^^^^^^^^^^^^^^^^^^^^^^^^^^^^^^^^^^^^^^
  File "C:\Users\ewchu\AppData\Local\Programs\Python\Python314\Lib\asyncio\tasks.py", line 488, in wait_for
    return await fut
           ^^^^^^^^^
  File "C:\Users\ewchu\AppData\Local\Programs\Python\Python314\Lib\site-packages\discord\gateway.py", line 392, in from_client
    socket = await client.http.ws_connect(str(url))
             ^^^^^^^^^^^^^^^^^^^^^^^^^^^^^^^^^^^^^^
  File "C:\Users\ewchu\AppData\Local\Programs\Python\Python314\Lib\site-packages\discord\http.py", line 571, in ws_connect
    return await self.__session.ws_connect(url, **kwargs)
           ^^^^^^^^^^^^^^^^^^^^^^^^^^^^^^^^^^^^^^^^^^^^^^
  File "C:\Users\ewchu\AppData\Local\Programs\Python\Python314\Lib\site-packages\aiohttp\client.py", line 1076, in _ws_connect
    resp = await self.request(
           ^^^^^^^^^^^^^^^^^^^
    ...<11 lines>...
    )
    ^
  File "C:\Users\ewchu\AppData\Local\Programs\Python\Python314\Lib\site-packages\aiohttp\client.py", line 779, in _request
    resp = await handler(req)
           ^^^^^^^^^^^^^^^^^^
  File "C:\Users\ewchu\AppData\Local\Programs\Python\Python314\Lib\site-packages\aiohttp\client.py", line 734, in _connect_and_send_request
    conn = await self._connector.connect(
           ^^^^^^^^^^^^^^^^^^^^^^^^^^^^^^
        req, traces=traces, timeout=real_timeout
        ^^^^^^^^^^^^^^^^^^^^^^^^^^^^^^^^^^^^^^^^
    )
    ^
  File "C:\Users\ewchu\AppData\Local\Programs\Python\Python314\Lib\site-packages\aiohttp\connector.py", line 672, in connect
    proto = await self._create_connection(req, traces, timeout)
            ^^^^^^^^^^^^^^^^^^^^^^^^^^^^^^^^^^^^^^^^^^^^^^^^^^^
  File "C:\Users\ewchu\AppData\Local\Programs\Python\Python314\Lib\site-packages\aiohttp\connector.py", line 1239, in _create_connection
    _, proto = await self._create_direct_connection(req, traces, timeout)
               ^^^^^^^^^^^^^^^^^^^^^^^^^^^^^^^^^^^^^^^^^^^^^^^^^^^^^^^^^^
  File "C:\Users\ewchu\AppData\Local\Programs\Python\Python314\Lib\site-packages\aiohttp\connector.py", line 1568, in _create_direct_connection
    raise ClientConnectorDNSError(req.connection_key, exc) from exc
aiohttp.client_exceptions.ClientConnectorDNSError: Cannot connect to host gateway-us-east1-c.discord.gg:443 ssl:default [getaddrinfo failed]
2026-03-16 09:48:08,922 | INFO | Shard ID None session has been invalidated.
2026-03-16 09:48:14,358 | INFO | Shard ID None has connected to Gateway (Session ID: d698854a77c660feb102acdc125eac6f).
2026-03-16 09:48:16,365 | INFO | Logged in as F.A.R.T#8447
2026-03-16 09:48:16,366 | INFO | Writing logs to C:\DiscordBots\memebot\memebot-03202616-080808.log
2026-03-16 09:48:16,366 | INFO | Tracking sent memes in C:\DiscordBots\memebot\sent_memes.txt
2026-03-16 09:48:16,366 | INFO | Configured target channel from CHANNEL_ID env var: 1480255446999629925
2026-03-16 09:48:16,366 | INFO | Message publish is enabled
2026-03-16 09:48:16,366 | INFO | Meme grouping is disabled (individual mode) (GROUP_COUNT=0, UNGROUPED_MESSAGE_COUNT=3, MAX_FILES_PER_MESSAGE=3)
2026-03-16 09:48:16,367 | INFO | Schedule configured from env hour='12' minute='30'; effective CST time 12:30.
2026-03-16 09:48:16,367 | INFO | Current CST time is 09:48; next scheduled post is 12:30 CST.
2026-03-16 09:48:16,367 | INFO | Scheduled time has not passed yet; waiting for task loop trigger.
2026-03-16 10:21:27,020 | INFO | Shard ID None has successfully RESUMED session d698854a77c660feb102acdc125eac6f.
2026-03-16 12:27:43,770 | INFO | Shard ID None has successfully RESUMED session d698854a77c660feb102acdc125eac6f.
2026-03-16 12:30:06,018 | INFO | Published message 1483155409455026306 to followers.
2026-03-16 12:30:07,618 | INFO | Published message 1483155417013030942 to followers.
2026-03-16 12:30:07,618 | INFO | Sent meme as individual message: 20251130_184142.jpeg
2026-03-16 12:30:13,213 | INFO | Published message 1483155439993491650 to followers.
2026-03-16 12:30:13,213 | INFO | Sent meme as individual message: download.gif
2026-03-16 12:30:14,217 | INFO | Published message 1483155444347179059 to followers.
2026-03-16 12:30:14,217 | INFO | Sent meme as individual message: meme1.jpg
2026-03-16 12:30:14,218 | INFO | Queued sent meme: 20251130_184142.jpeg
2026-03-16 12:30:14,218 | INFO | Queued sent meme: download.gif
2026-03-16 12:30:14,218 | INFO | Queued sent meme: meme1.jpg
2026-03-16 12:30:14,219 | INFO | Updated sent-meme memory at C:\DiscordBots\memebot\sent_memes.txt
2026-03-16 12:30:14,537 | INFO | Published message 1483155447312547922 to followers.
2026-03-16 12:30:14,537 | INFO | All memes sent successfully. Shutting down bot.
2026-03-16 12:30:14,545 | INFO | Released instance lock at C:\DiscordBots\memebot\memebot.lock
