2026-03-14 08:06:36,645 | INFO | 
========================================================================
2026-03-14 08:06:36,645 | INFO | Starting new memebot instance (pid=23880)
2026-03-14 08:06:36,646 | INFO | Acquired single-instance lock at C:\DiscordBots\memebot\memebot.lock
2026-03-14 08:06:36,651 | WARNING | PyNaCl is not installed, voice will NOT be supported
2026-03-14 08:06:36,651 | WARNING | davey is not installed, voice will NOT be supported
2026-03-14 08:06:36,653 | INFO | logging in using static token
2026-03-14 08:06:37,477 | INFO | Shard ID None has connected to Gateway (Session ID: 53e5d235d0f82f6f2fa3ace811f7be51).
2026-03-14 08:06:39,700 | INFO | Logged in as F.A.R.T#8447
2026-03-14 08:06:39,700 | INFO | Writing logs to C:\DiscordBots\memebot\memebot-03202614-080636.log
2026-03-14 08:06:39,700 | INFO | Tracking sent memes in C:\DiscordBots\memebot\sent_memes.txt
2026-03-14 08:06:39,701 | INFO | Configured target channel from CHANNEL_ID env var: 1480255446999629925
2026-03-14 08:06:39,701 | INFO | Message publish is enabled
2026-03-14 08:06:39,701 | INFO | Meme grouping is disabled (individual mode) (GROUP_COUNT=0, UNGROUPED_MESSAGE_COUNT=3, MAX_FILES_PER_MESSAGE=3)
2026-03-14 08:06:39,701 | INFO | Schedule configured from env hour='12' minute='30'; effective CST time 12:30.
2026-03-14 08:06:39,701 | INFO | Current CST time is 08:06; next scheduled post is 12:30 CST.
2026-03-14 08:06:39,702 | INFO | Scheduled time has not passed yet; waiting for task loop trigger.
2026-03-14 08:47:16,323 | INFO | Shard ID None has successfully RESUMED session 53e5d235d0f82f6f2fa3ace811f7be51.
2026-03-14 09:51:45,889 | INFO | Shard ID None has successfully RESUMED session 53e5d235d0f82f6f2fa3ace811f7be51.
2026-03-14 12:30:00,518 | INFO | Published message 1482430615499309129 to followers.
2026-03-14 12:30:02,489 | INFO | Published message 1482430618779258992 to followers.
2026-03-14 12:30:02,489 | INFO | Sent meme as individual message: pinterest_image_1763663886058.jpg
2026-03-14 12:30:03,486 | INFO | Published message 1482430625804976130 to followers.
2026-03-14 12:30:03,487 | INFO | Sent meme as individual message: pinterest_image_1763663886059.jpg
2026-03-14 12:30:04,388 | INFO | Published message 1482430629902549100 to followers.
2026-03-14 12:30:04,389 | INFO | Sent meme as individual message: pinterest_image_1763663886061.jpg
2026-03-14 12:30:04,389 | INFO | Queued sent meme: pinterest_image_1763663886058.jpg
2026-03-14 12:30:04,390 | INFO | Queued sent meme: pinterest_image_1763663886059.jpg
2026-03-14 12:30:04,390 | INFO | Queued sent meme: pinterest_image_1763663886061.jpg
2026-03-14 12:30:04,391 | INFO | Updated sent-meme memory at C:\DiscordBots\memebot\sent_memes.txt
2026-03-14 12:30:04,889 | INFO | Published message 1482430633648062768 to followers.
2026-03-14 12:30:04,890 | INFO | All memes sent successfully. Shutting down bot.
2026-03-14 12:30:04,896 | INFO | Released instance lock at C:\DiscordBots\memebot\memebot.lock
