2026-03-23 13:43:01,611 | INFO | 
========================================================================
2026-03-23 13:43:01,611 | INFO | Starting new memebot instance (pid=8724)
2026-03-23 13:43:01,612 | INFO | Acquired single-instance lock at C:\DiscordBots\memebot\memebot.lock
2026-03-23 13:43:01,613 | WARNING | PyNaCl is not installed, voice will NOT be supported
2026-03-23 13:43:01,613 | WARNING | davey is not installed, voice will NOT be supported
2026-03-23 13:43:01,615 | INFO | logging in using static token
2026-03-23 13:43:02,697 | INFO | Shard ID None has connected to Gateway (Session ID: 80b880cd60437d3098e3dc96a04e08a3).
2026-03-23 13:43:04,703 | INFO | Logged in as F.A.R.T#8447
2026-03-23 13:43:04,704 | INFO | Writing logs to C:\DiscordBots\memebot\memebot-20260323-134301.log
2026-03-23 13:43:04,704 | INFO | Tracking sent memes in C:\DiscordBots\memebot\sent_memes.txt
2026-03-23 13:43:04,704 | INFO | Configured target channel from CHANNEL_ID env var: 1480255446999629925
2026-03-23 13:43:04,704 | INFO | Message publish is enabled
2026-03-23 13:43:04,705 | INFO | Delay between sends is 2 second(s).
2026-03-23 13:43:04,705 | INFO | Publish delay between messages is 2 second(s).
2026-03-23 13:43:04,705 | INFO | Meme grouping is disabled (individual mode) (GROUP_COUNT=0, UNGROUPED_MESSAGE_COUNT=2, MAX_FILES_PER_MESSAGE=3)
2026-03-23 13:43:04,705 | INFO | Schedule configured from env hour='12' minute='30'; effective CST time 12:30.
2026-03-23 13:43:04,705 | INFO | Current CST time is 13:43; next scheduled post is 12:30 CST.
2026-03-23 13:43:04,706 | INFO | Scheduled time 12:30 CST has already passed today; posting immediately.
2026-03-23 13:43:04,881 | INFO | Sent message 1485710493225058387 to channel 1480255446999629925.
2026-03-23 13:43:04,881 | INFO | Waiting 2 second(s) before the next send.
2026-03-23 13:43:06,905 | INFO | Prepared 5822 unsent meme(s) from 5883 total file(s) in 'memes'.
2026-03-23 13:43:07,397 | INFO | Sent message 1485710503152980149 to channel 1480255446999629925.
2026-03-23 13:43:07,397 | INFO | Waiting 2 second(s) before the next send.
2026-03-23 13:43:09,526 | INFO | Published message 1485710503152980149 to followers.
2026-03-23 13:43:09,526 | INFO | Waiting 2 second(s) after publishing message 1485710503152980149 to preserve delivery order.
2026-03-23 13:43:11,542 | INFO | Sent meme as individual message: pinterest_image_1763663886182.jpg
2026-03-23 13:43:11,543 | INFO | Waiting 2 second(s) before the next send.
2026-03-23 13:43:13,971 | INFO | Sent message 1485710530760151250 to channel 1480255446999629925.
2026-03-23 13:43:13,971 | INFO | Waiting 2 second(s) before the next send.
2026-03-23 13:43:16,142 | INFO | Published message 1485710530760151250 to followers.
2026-03-23 13:43:16,142 | INFO | Waiting 2 second(s) after publishing message 1485710530760151250 to preserve delivery order.
2026-03-23 13:43:18,153 | INFO | Sent meme as individual message: pinterest_image_1770952994273.jpg
2026-03-23 13:43:18,154 | INFO | Waiting 2 second(s) before the next send.
2026-03-23 13:43:20,158 | INFO | Queued sent meme: pinterest_image_1763663886182.jpg
2026-03-23 13:43:20,158 | INFO | Queued sent meme: pinterest_image_1770952994273.jpg
2026-03-23 13:43:20,160 | INFO | Updated sent-meme memory at C:\DiscordBots\memebot\sent_memes.txt
2026-03-23 13:43:20,317 | INFO | Sent message 1485710557657956444 to channel 1480255446999629925.
2026-03-23 13:43:20,451 | INFO | Published message 1485710557657956444 to followers.
2026-03-23 13:43:20,451 | INFO | Waiting 2 second(s) after publishing message 1485710557657956444 to preserve delivery order.
2026-03-23 13:43:22,454 | INFO | All memes sent successfully. Shutting down bot.
2026-03-23 13:43:22,457 | INFO | Released instance lock at C:\DiscordBots\memebot\memebot.lock
