2026-03-16 16:21:35,429 | INFO | 
========================================================================
2026-03-16 16:21:35,430 | INFO | Starting new memebot instance (pid=5328)
2026-03-16 16:21:35,440 | WARNING | Could not probe pid 12324 for lock validation: [WinError 87] The parameter is incorrect
2026-03-16 16:21:35,440 | WARNING | Found stale lock file at C:\DiscordBots\memebot\memebot.lock. Replacing it.
2026-03-16 16:21:35,441 | INFO | Acquired single-instance lock at C:\DiscordBots\memebot\memebot.lock
2026-03-16 16:21:35,449 | WARNING | PyNaCl is not installed, voice will NOT be supported
2026-03-16 16:21:35,450 | WARNING | davey is not installed, voice will NOT be supported
2026-03-16 16:21:35,451 | INFO | logging in using static token
2026-03-16 16:21:36,413 | INFO | Shard ID None has connected to Gateway (Session ID: 9ef05a909f8f7ad8d449681242041122).
2026-03-16 16:21:38,432 | INFO | Logged in as F.A.R.T#8447
2026-03-16 16:21:38,432 | INFO | Writing logs to C:\DiscordBots\memebot\memebot-03202616-162135.log
2026-03-16 16:21:38,433 | INFO | Tracking sent memes in C:\DiscordBots\memebot\sent_memes.txt
2026-03-16 16:21:38,433 | INFO | Configured target channel from CHANNEL_ID env var: 1480255446999629925
2026-03-16 16:21:38,433 | INFO | Message publish is enabled
2026-03-16 16:21:38,433 | INFO | Meme grouping is disabled (individual mode) (GROUP_COUNT=0, UNGROUPED_MESSAGE_COUNT=3, MAX_FILES_PER_MESSAGE=3)
2026-03-16 16:21:38,434 | INFO | Schedule configured from env hour='12' minute='30'; effective CST time 12:30.
2026-03-16 16:21:38,434 | INFO | Current CST time is 16:21; next scheduled post is 12:30 CST.
2026-03-16 16:21:38,434 | INFO | Scheduled time 12:30 CST has already passed today; posting immediately.
2026-03-16 16:21:38,777 | INFO | Published message 1483213681553838231 to followers.
2026-03-16 16:21:39,668 | INFO | Published message 1483213684577669162 to followers.
2026-03-16 16:21:39,668 | INFO | Sent meme as individual message: pinterest_image_1763663416657.jpg
2026-03-16 16:21:40,696 | INFO | Published message 1483213687845163048 to followers.
2026-03-16 16:21:40,696 | INFO | Sent meme as individual message: pinterest_image_1763663416659.jpg
2026-03-16 16:21:41,408 | INFO | Published message 1483213691615842368 to followers.
2026-03-16 16:21:41,408 | INFO | Sent meme as individual message: pinterest_image_1763663416660.jpg
2026-03-16 16:21:41,409 | INFO | Queued sent meme: pinterest_image_1763663416657.jpg
2026-03-16 16:21:41,409 | INFO | Queued sent meme: pinterest_image_1763663416659.jpg
2026-03-16 16:21:41,410 | INFO | Queued sent meme: pinterest_image_1763663416660.jpg
2026-03-16 16:21:41,411 | INFO | Updated sent-meme memory at C:\DiscordBots\memebot\sent_memes.txt
2026-03-16 16:21:41,800 | INFO | Published message 1483213694111453548 to followers.
2026-03-16 16:21:41,800 | INFO | All memes sent successfully. Shutting down bot.
2026-03-16 16:21:41,804 | INFO | Released instance lock at C:\DiscordBots\memebot\memebot.lock
