2026-03-23 14:33:26,685 | INFO | 
========================================================================
2026-03-23 14:33:26,686 | INFO | Starting new memebot instance (pid=3980)
2026-03-23 14:33:26,687 | INFO | Acquired single-instance lock at C:\DiscordBots\memebot\memebot.lock
2026-03-23 14:33:26,687 | WARNING | PyNaCl is not installed, voice will NOT be supported
2026-03-23 14:33:26,687 | WARNING | davey is not installed, voice will NOT be supported
2026-03-23 14:33:26,689 | INFO | logging in using static token
2026-03-23 14:33:27,601 | INFO | Shard ID None has connected to Gateway (Session ID: b845da59ecb5a2bfee85d450ae21ef6f).
2026-03-23 14:33:29,642 | INFO | Logged in as F.A.R.T#8447
2026-03-23 14:33:29,642 | INFO | Writing logs to C:\DiscordBots\memebot\memebot-03202623-143326.log
2026-03-23 14:33:29,643 | INFO | Tracking sent memes in C:\DiscordBots\memebot\sent_memes.txt
2026-03-23 14:33:29,643 | INFO | Configured target channel from CHANNEL_ID env var: 1480255446999629925
2026-03-23 14:33:29,643 | INFO | Message publish is enabled
2026-03-23 14:33:29,643 | INFO | Meme grouping is disabled (individual mode) (GROUP_COUNT=0, UNGROUPED_MESSAGE_COUNT=2, MAX_FILES_PER_MESSAGE=3)
2026-03-23 14:33:29,644 | INFO | Schedule configured from env hour='12' minute='30'; effective CST time 12:30.
2026-03-23 14:33:29,644 | INFO | Current CST time is 14:33; next scheduled post is 12:30 CST.
2026-03-23 14:33:29,644 | INFO | Scheduled time 12:30 CST has already passed today; posting immediately.
2026-03-23 14:33:30,024 | INFO | Published message 1485723180671963217 to followers.
2026-03-23 14:33:30,728 | INFO | Published message 1485723182856929292 to followers.
2026-03-23 14:33:30,728 | INFO | Sent meme as individual message: pinterest_image_1763663886051.jpg
2026-03-23 14:33:31,336 | INFO | Published message 1485723185683890196 to followers.
2026-03-23 14:33:31,336 | INFO | Sent meme as individual message: pinterest_image_1763663886052.jpg
2026-03-23 14:33:31,337 | INFO | Queued sent meme: pinterest_image_1763663886051.jpg
2026-03-23 14:33:31,337 | INFO | Queued sent meme: pinterest_image_1763663886052.jpg
2026-03-23 14:33:31,338 | INFO | Updated sent-meme memory at C:\DiscordBots\memebot\sent_memes.txt
2026-03-23 14:33:33,656 | INFO | Published message 1485723196215922911 to followers.
2026-03-23 14:33:33,657 | INFO | All memes sent successfully. Shutting down bot.
2026-03-23 14:33:33,661 | INFO | Released instance lock at C:\DiscordBots\memebot\memebot.lock
