2026-03-23 13:29:04,856 | INFO | 
========================================================================
2026-03-23 13:29:04,857 | INFO | Starting new memebot instance (pid=10920)
2026-03-23 13:29:04,857 | WARNING | Could not probe pid 14668 for lock validation: [WinError 87] The parameter is incorrect
2026-03-23 13:29:04,858 | WARNING | Found stale lock file at C:\DiscordBots\memebot\memebot.lock. Replacing it.
2026-03-23 13:29:04,858 | INFO | Acquired single-instance lock at C:\DiscordBots\memebot\memebot.lock
2026-03-23 13:29:04,859 | WARNING | PyNaCl is not installed, voice will NOT be supported
2026-03-23 13:29:04,859 | WARNING | davey is not installed, voice will NOT be supported
2026-03-23 13:29:04,861 | INFO | logging in using static token
2026-03-23 13:29:05,872 | INFO | Shard ID None has connected to Gateway (Session ID: 46c259b07fc86b1a8abcb5256cb91def).
2026-03-23 13:29:07,882 | INFO | Logged in as F.A.R.T#8447
2026-03-23 13:29:07,882 | INFO | Writing logs to C:\DiscordBots\memebot\memebot-20260323-132904.log
2026-03-23 13:29:07,883 | INFO | Tracking sent memes in C:\DiscordBots\memebot\sent_memes.txt
2026-03-23 13:29:07,883 | INFO | Configured target channel from CHANNEL_ID env var: 1480255446999629925
2026-03-23 13:29:07,883 | INFO | Message publish is disabled
2026-03-23 13:29:07,883 | INFO | Publish delay between messages is 2 second(s).
2026-03-23 13:29:07,884 | INFO | Meme grouping is disabled (individual mode) (GROUP_COUNT=0, UNGROUPED_MESSAGE_COUNT=3, MAX_FILES_PER_MESSAGE=3)
2026-03-23 13:29:07,884 | INFO | Schedule configured from env hour='12' minute='30'; effective CST time 12:30.
2026-03-23 13:29:07,884 | INFO | Current CST time is 13:29; next scheduled post is 12:30 CST.
2026-03-23 13:29:07,884 | INFO | Scheduled time 12:30 CST has already passed today; posting immediately.
2026-03-23 13:29:08,092 | INFO | Sent message 1485706983419154452 to channel 1480255446999629925.
2026-03-23 13:29:08,092 | INFO | Skipping publish for message 1485706983419154452 because ENABLE_PUBLISH is disabled.
2026-03-23 13:29:08,118 | INFO | Prepared 5828 unsent meme(s) from 5883 total file(s) in 'memes'.
2026-03-23 13:29:09,226 | INFO | Sent message 1485706987315527712 to channel 1480255446999629925.
2026-03-23 13:29:09,227 | INFO | Skipping publish for message 1485706987315527712 because ENABLE_PUBLISH is disabled.
2026-03-23 13:29:09,227 | INFO | Sent meme as individual message: pinterest_image_1773435391808.jpg
2026-03-23 13:29:10,539 | INFO | Sent message 1485706992931831918 to channel 1480255446999629925.
2026-03-23 13:29:10,539 | INFO | Skipping publish for message 1485706992931831918 because ENABLE_PUBLISH is disabled.
2026-03-23 13:29:10,540 | INFO | Sent meme as individual message: pinterest_image_1770952993962.jpg
2026-03-23 13:29:11,039 | INFO | Sent message 1485706995179978964 to channel 1480255446999629925.
2026-03-23 13:29:11,040 | INFO | Skipping publish for message 1485706995179978964 because ENABLE_PUBLISH is disabled.
2026-03-23 13:29:11,041 | INFO | Sent meme as individual message: pinterest_image_1765065612030.jpg
2026-03-23 13:29:11,041 | INFO | Queued sent meme: pinterest_image_1773435391808.jpg
2026-03-23 13:29:11,042 | INFO | Queued sent meme: pinterest_image_1770952993962.jpg
2026-03-23 13:29:11,042 | INFO | Queued sent meme: pinterest_image_1765065612030.jpg
2026-03-23 13:29:11,044 | INFO | Updated sent-meme memory at C:\DiscordBots\memebot\sent_memes.txt
2026-03-23 13:29:11,305 | INFO | Sent message 1485706996316508397 to channel 1480255446999629925.
2026-03-23 13:29:11,305 | INFO | Skipping publish for message 1485706996316508397 because ENABLE_PUBLISH is disabled.
2026-03-23 13:29:11,306 | INFO | All memes sent successfully. Shutting down bot.
2026-03-23 13:29:11,310 | INFO | Released instance lock at C:\DiscordBots\memebot\memebot.lock
