2026-03-23 13:29:53,882 | INFO | 
========================================================================
2026-03-23 13:29:53,882 | INFO | Starting new memebot instance (pid=1620)
2026-03-23 13:29:53,883 | INFO | Acquired single-instance lock at C:\DiscordBots\memebot\memebot.lock
2026-03-23 13:29:53,884 | WARNING | PyNaCl is not installed, voice will NOT be supported
2026-03-23 13:29:53,884 | WARNING | davey is not installed, voice will NOT be supported
2026-03-23 13:29:53,885 | INFO | logging in using static token
2026-03-23 13:29:54,780 | INFO | Shard ID None has connected to Gateway (Session ID: 63331833224dbdcaf1661865bc0ee737).
2026-03-23 13:29:56,793 | INFO | Logged in as F.A.R.T#8447
2026-03-23 13:29:56,793 | INFO | Writing logs to C:\DiscordBots\memebot\memebot-20260323-132953.log
2026-03-23 13:29:56,793 | INFO | Tracking sent memes in C:\DiscordBots\memebot\sent_memes.txt
2026-03-23 13:29:56,793 | INFO | Configured target channel from CHANNEL_ID env var: 1480255446999629925
2026-03-23 13:29:56,794 | INFO | Message publish is enabled
2026-03-23 13:29:56,794 | INFO | Publish delay between messages is 2 second(s).
2026-03-23 13:29:56,794 | INFO | Meme grouping is disabled (individual mode) (GROUP_COUNT=0, UNGROUPED_MESSAGE_COUNT=3, MAX_FILES_PER_MESSAGE=3)
2026-03-23 13:29:56,794 | INFO | Schedule configured from env hour='12' minute='30'; effective CST time 12:30.
2026-03-23 13:29:56,795 | INFO | Current CST time is 13:29; next scheduled post is 12:30 CST.
2026-03-23 13:29:56,795 | INFO | Scheduled time 12:30 CST has already passed today; posting immediately.
2026-03-23 13:29:56,968 | INFO | Sent message 1485707188495450133 to channel 1480255446999629925.
2026-03-23 13:29:57,470 | WARNING | We are being rate limited. POST https://discord.com/api/v10/channels/1480255446999629925/messages/1485707188495450133/crosspost responded with 429. Retrying in 6.76 seconds.
2026-03-23 13:30:04,446 | INFO | Published message 1485707188495450133 to followers.
2026-03-23 13:30:04,446 | INFO | Waiting 2 second(s) after publishing message 1485707188495450133 to preserve delivery order.
2026-03-23 13:30:06,478 | INFO | Prepared 5825 unsent meme(s) from 5883 total file(s) in 'memes'.
2026-03-23 13:30:07,206 | INFO | Sent message 1485707230324985886 to channel 1480255446999629925.
2026-03-23 13:30:07,814 | INFO | Published message 1485707230324985886 to followers.
2026-03-23 13:30:07,814 | INFO | Waiting 2 second(s) after publishing message 1485707230324985886 to preserve delivery order.
2026-03-23 13:30:09,815 | INFO | Sent meme as individual message: pinterest_image_1765743387464.jpg
2026-03-23 13:30:10,262 | INFO | Sent message 1485707243625381928 to channel 1480255446999629925.
2026-03-23 13:30:10,686 | INFO | Published message 1485707243625381928 to followers.
2026-03-23 13:30:10,686 | INFO | Waiting 2 second(s) after publishing message 1485707243625381928 to preserve delivery order.
2026-03-23 13:30:12,692 | INFO | Sent meme as individual message: pinterest_image_1774021361722.jpg
2026-03-23 13:30:13,186 | INFO | Sent message 1485707255595929731 to channel 1480255446999629925.
2026-03-23 13:30:13,327 | INFO | Published message 1485707255595929731 to followers.
2026-03-23 13:30:13,327 | INFO | Waiting 2 second(s) after publishing message 1485707255595929731 to preserve delivery order.
2026-03-23 13:30:15,333 | INFO | Sent meme as individual message: pinterest_image_1773696819272.jpg
2026-03-23 13:30:15,334 | INFO | Queued sent meme: pinterest_image_1765743387464.jpg
2026-03-23 13:30:15,335 | INFO | Queued sent meme: pinterest_image_1774021361722.jpg
2026-03-23 13:30:15,335 | INFO | Queued sent meme: pinterest_image_1773696819272.jpg
2026-03-23 13:30:15,337 | INFO | Updated sent-meme memory at C:\DiscordBots\memebot\sent_memes.txt
2026-03-23 13:30:15,765 | INFO | Sent message 1485707267209826405 to channel 1480255446999629925.
2026-03-23 13:30:15,989 | INFO | Published message 1485707267209826405 to followers.
2026-03-23 13:30:15,989 | INFO | Waiting 2 second(s) after publishing message 1485707267209826405 to preserve delivery order.
2026-03-23 13:30:17,992 | INFO | All memes sent successfully. Shutting down bot.
2026-03-23 13:30:17,995 | INFO | Released instance lock at C:\DiscordBots\memebot\memebot.lock
