2026-03-23 13:45:10,292 | INFO | 
========================================================================
2026-03-23 13:45:10,292 | INFO | Starting new memebot instance (pid=10852)
2026-03-23 13:45:10,293 | INFO | Acquired single-instance lock at C:\DiscordBots\memebot\memebot.lock
2026-03-23 13:45:10,294 | WARNING | PyNaCl is not installed, voice will NOT be supported
2026-03-23 13:45:10,294 | WARNING | davey is not installed, voice will NOT be supported
2026-03-23 13:45:10,295 | INFO | logging in using static token
2026-03-23 13:45:11,509 | INFO | Shard ID None has connected to Gateway (Session ID: 87d5ba8146813def9e50c823797b7da2).
2026-03-23 13:45:13,515 | INFO | Logged in as F.A.R.T#8447
2026-03-23 13:45:13,515 | INFO | Writing logs to C:\DiscordBots\memebot\memebot-20260323-134510.log
2026-03-23 13:45:13,515 | INFO | Tracking sent memes in C:\DiscordBots\memebot\sent_memes.txt
2026-03-23 13:45:13,516 | INFO | Configured target channel from CHANNEL_ID env var: 1480255446999629925
2026-03-23 13:45:13,516 | INFO | Message publish is enabled
2026-03-23 13:45:13,516 | INFO | Delay between sends is 5 second(s).
2026-03-23 13:45:13,516 | INFO | Publish delay between messages is 2 second(s).
2026-03-23 13:45:13,516 | INFO | Meme grouping is disabled (individual mode) (GROUP_COUNT=0, UNGROUPED_MESSAGE_COUNT=2, MAX_FILES_PER_MESSAGE=3)
2026-03-23 13:45:13,516 | INFO | Schedule configured from env hour='12' minute='30'; effective CST time 12:30.
2026-03-23 13:45:13,517 | INFO | Current CST time is 13:45; next scheduled post is 12:30 CST.
2026-03-23 13:45:13,517 | INFO | Scheduled time 12:30 CST has already passed today; posting immediately.
2026-03-23 13:45:13,714 | INFO | Sent message 1485711033518653551 to channel 1480255446999629925.
2026-03-23 13:45:13,714 | INFO | Waiting 5 second(s) before the next send.
2026-03-23 13:45:18,748 | INFO | Prepared 5820 unsent meme(s) from 5883 total file(s) in 'memes'.
2026-03-23 13:45:19,442 | INFO | Sent message 1485711056373284894 to channel 1480255446999629925.
2026-03-23 13:45:19,442 | INFO | Waiting 5 second(s) before the next send.
2026-03-23 13:45:24,598 | INFO | Published message 1485711056373284894 to followers.
2026-03-23 13:45:24,598 | INFO | Waiting 2 second(s) after publishing message 1485711056373284894 to preserve delivery order.
2026-03-23 13:45:26,612 | INFO | Sent meme as individual message: pinterest_image_1765256783289.jpg
2026-03-23 13:45:26,613 | INFO | Waiting 5 second(s) before the next send.
2026-03-23 13:45:32,004 | INFO | Sent message 1485711109825626254 to channel 1480255446999629925.
2026-03-23 13:45:32,009 | INFO | Waiting 5 second(s) before the next send.
2026-03-23 13:45:37,139 | INFO | Published message 1485711109825626254 to followers.
2026-03-23 13:45:37,139 | INFO | Waiting 2 second(s) after publishing message 1485711109825626254 to preserve delivery order.
2026-03-23 13:45:39,148 | INFO | Sent meme as individual message: pinterest_image_1772590620983.jpg
2026-03-23 13:45:39,149 | INFO | Waiting 5 second(s) before the next send.
2026-03-23 13:45:44,152 | INFO | Queued sent meme: pinterest_image_1765256783289.jpg
2026-03-23 13:45:44,152 | INFO | Queued sent meme: pinterest_image_1772590620983.jpg
2026-03-23 13:45:44,154 | INFO | Updated sent-meme memory at C:\DiscordBots\memebot\sent_memes.txt
2026-03-23 13:45:44,455 | INFO | Sent message 1485711161763692706 to channel 1480255446999629925.
2026-03-23 13:45:44,599 | WARNING | We are being rate limited. POST https://discord.com/api/v10/channels/1480255446999629925/messages/1485711161763692706/crosspost responded with 429. Retrying in 2659.84 seconds.
2026-03-23 13:46:32,816 | INFO | Released instance lock at C:\DiscordBots\memebot\memebot.lock
