2026-03-16 16:41:48,646 | INFO | 
========================================================================
2026-03-16 16:41:48,646 | INFO | Starting new memebot instance (pid=8444)
2026-03-16 16:41:48,648 | INFO | Acquired single-instance lock at C:\DiscordBots\memebot\memebot.lock
2026-03-16 16:41:48,655 | WARNING | PyNaCl is not installed, voice will NOT be supported
2026-03-16 16:41:48,655 | WARNING | davey is not installed, voice will NOT be supported
2026-03-16 16:41:48,656 | INFO | logging in using static token
2026-03-16 16:41:49,747 | INFO | Shard ID None has connected to Gateway (Session ID: 2c42164dfc72989fb93302bf45e0ab6b).
2026-03-16 16:41:51,772 | INFO | Logged in as F.A.R.T#8447
2026-03-16 16:41:51,773 | INFO | Writing logs to C:\DiscordBots\memebot\memebot-03202616-164148.log
2026-03-16 16:41:51,773 | INFO | Tracking sent memes in C:\DiscordBots\memebot\sent_memes.txt
2026-03-16 16:41:51,774 | INFO | Configured target channel from CHANNEL_ID env var: 1480255446999629925
2026-03-16 16:41:51,774 | INFO | Message publish is enabled
2026-03-16 16:41:51,774 | INFO | Meme grouping is disabled (individual mode) (GROUP_COUNT=0, UNGROUPED_MESSAGE_COUNT=3, MAX_FILES_PER_MESSAGE=3)
2026-03-16 16:41:51,774 | INFO | Schedule configured from env hour='12' minute='30'; effective CST time 12:30.
2026-03-16 16:41:51,774 | INFO | Current CST time is 16:41; next scheduled post is 12:30 CST.
2026-03-16 16:41:51,775 | INFO | Scheduled time 12:30 CST has already passed today; posting immediately.
2026-03-16 16:41:52,269 | INFO | Published message 1483218770746146858 to followers.
2026-03-16 16:41:53,240 | INFO | Published message 1483218773996470272 to followers.
2026-03-16 16:41:53,241 | INFO | Sent meme as individual message: pinterest_image_1763663886001.jpg
2026-03-16 16:41:54,093 | INFO | Published message 1483218777431736360 to followers.
2026-03-16 16:41:54,093 | INFO | Sent meme as individual message: pinterest_image_1763663886003.jpg
2026-03-16 16:41:54,621 | INFO | Published message 1483218780703424695 to followers.
2026-03-16 16:41:54,622 | INFO | Sent meme as individual message: pinterest_image_1763663886005.jpg
2026-03-16 16:41:54,622 | INFO | Queued sent meme: pinterest_image_1763663886001.jpg
2026-03-16 16:41:54,622 | INFO | Queued sent meme: pinterest_image_1763663886003.jpg
2026-03-16 16:41:54,622 | INFO | Queued sent meme: pinterest_image_1763663886005.jpg
2026-03-16 16:41:54,624 | INFO | Updated sent-meme memory at C:\DiscordBots\memebot\sent_memes.txt
2026-03-16 16:41:55,052 | INFO | Published message 1483218782624419972 to followers.
2026-03-16 16:41:55,053 | INFO | All memes sent successfully. Shutting down bot.
2026-03-16 16:41:55,056 | INFO | Released instance lock at C:\DiscordBots\memebot\memebot.lock
