2026-03-23 13:15:31,745 | INFO | 
========================================================================
2026-03-23 13:15:31,745 | INFO | Starting new memebot instance (pid=14668)
2026-03-23 13:15:31,746 | WARNING | Could not probe pid 11620 for lock validation: [WinError 87] The parameter is incorrect
2026-03-23 13:15:31,746 | WARNING | Found stale lock file at C:\DiscordBots\memebot\memebot.lock. Replacing it.
2026-03-23 13:15:31,747 | INFO | Acquired single-instance lock at C:\DiscordBots\memebot\memebot.lock
2026-03-23 13:15:31,747 | WARNING | PyNaCl is not installed, voice will NOT be supported
2026-03-23 13:15:31,748 | WARNING | davey is not installed, voice will NOT be supported
2026-03-23 13:15:31,749 | INFO | logging in using static token
2026-03-23 13:15:32,662 | INFO | Shard ID None has connected to Gateway (Session ID: 4773ce2116399f37ae28b421e33548e7).
2026-03-23 13:15:34,668 | INFO | Logged in as F.A.R.T#8447
2026-03-23 13:15:34,668 | INFO | Writing logs to C:\DiscordBots\memebot\memebot-20260323-131531.log
2026-03-23 13:15:34,669 | INFO | Tracking sent memes in C:\DiscordBots\memebot\sent_memes.txt
2026-03-23 13:15:34,669 | INFO | Configured target channel from CHANNEL_ID env var: 1480255446999629925
2026-03-23 13:15:34,669 | INFO | Message publish is enabled
2026-03-23 13:15:34,669 | INFO | Publish delay between messages is 2 second(s).
2026-03-23 13:15:34,669 | INFO | Meme grouping is disabled (individual mode) (GROUP_COUNT=0, UNGROUPED_MESSAGE_COUNT=5, MAX_FILES_PER_MESSAGE=3)
2026-03-23 13:15:34,670 | INFO | Schedule configured from env hour='12' minute='30'; effective CST time 12:30.
2026-03-23 13:15:34,670 | INFO | Current CST time is 13:15; next scheduled post is 12:30 CST.
2026-03-23 13:15:34,670 | INFO | Scheduled time 12:30 CST has already passed today; posting immediately.
2026-03-23 13:15:34,877 | INFO | Sent message 1485703572502085774 to channel 1480255446999629925.
2026-03-23 13:15:35,003 | WARNING | We are being rate limited. POST https://discord.com/api/v10/channels/1480255446999629925/messages/1485703572502085774/crosspost responded with 429. Retrying in 869.22 seconds.
