2026-03-23 14:07:53,446 | INFO | 
========================================================================
2026-03-23 14:07:53,446 | INFO | Starting new memebot instance (pid=13284)
2026-03-23 14:07:53,447 | WARNING | Could not probe pid 10860 for lock validation: [WinError 87] The parameter is incorrect
2026-03-23 14:07:53,448 | WARNING | Found stale lock file at C:\DiscordBots\memebot\memebot.lock. Replacing it.
2026-03-23 14:07:53,448 | INFO | Acquired single-instance lock at C:\DiscordBots\memebot\memebot.lock
2026-03-23 14:07:53,454 | WARNING | PyNaCl is not installed, voice will NOT be supported
2026-03-23 14:07:53,456 | WARNING | davey is not installed, voice will NOT be supported
2026-03-23 14:07:53,457 | INFO | logging in using static token
2026-03-23 14:07:54,481 | INFO | Shard ID None has connected to Gateway (Session ID: 923692f4edf33d5bfe8f53e019027751).
2026-03-23 14:07:56,490 | INFO | Logged in as F.A.R.T#8447
2026-03-23 14:07:56,490 | INFO | Writing logs to C:\DiscordBots\memebot\memebot-03202623-140753.log
2026-03-23 14:07:56,490 | INFO | Tracking sent memes in C:\DiscordBots\memebot\sent_memes.txt
2026-03-23 14:07:56,490 | INFO | Configured target channel from CHANNEL_ID env var: 1480255446999629925
2026-03-23 14:07:56,491 | INFO | Message publish is enabled
2026-03-23 14:07:56,491 | INFO | Meme grouping is disabled (individual mode) (GROUP_COUNT=0, UNGROUPED_MESSAGE_COUNT=2, MAX_FILES_PER_MESSAGE=3)
2026-03-23 14:07:56,491 | INFO | Schedule configured from env hour='12' minute='30'; effective CST time 12:30.
2026-03-23 14:07:56,491 | INFO | Current CST time is 14:07; next scheduled post is 12:30 CST.
2026-03-23 14:07:56,492 | INFO | Scheduled time 12:30 CST has already passed today; posting immediately.
2026-03-23 14:07:56,804 | WARNING | We are being rate limited. POST https://discord.com/api/v10/channels/1480255446999629925/messages/1485716750233243739/crosspost responded with 429. Retrying in 1327.64 seconds.
2026-03-23 14:08:03,880 | INFO | Released instance lock at C:\DiscordBots\memebot\memebot.lock
